// Vitest Snapshot v1, https://vitest.dev/guide/snapshot.html

exports[`InfoSidebar > snapshot renders 1`] = `
<DocumentFragment>
  <div
    class="hidden md:flex md:flex-col justify-evenly basis-52 h-full sticky right-0 border-l-4 border-solid"
    style="border-image: var(--sky-gradient-shape) 1;"
  >
    <div
      class="m-1 flex flex-col"
    >
      <h1
        class="text-center"
      >
        Impact
      </h1>
      <hr />
      <i
        class="text-sm text-left p-1 pl-4 text-gray-500"
      >
        CO2 Saved
      </i>
      <p
        class="text-lg p-1 pb-0"
      >
        10kg
      </p>
      <i
        class="text-sm text-left p-1 pl-4 text-gray-500"
      >
        Distance Travelled
      </i>
      <p
        class="text-lg p-1 pb-0"
      >
        10miles
      </p>
      <i
        class="text-sm text-left p-1 pl-4 text-gray-500"
      >
        Hours Commuted
      </i>
      <p
        class="text-lg p-1 pb-0"
      >
        4 hours
      </p>
      <i
        class="text-sm text-left p-1 pl-4 text-gray-500"
      >
        Calories Burned
      </i>
      <p
        class="text-lg p-1 pb-0"
      >
        500cal
      </p>
      <i
        class="text-sm text-left p-1 pl-4 text-gray-500"
      >
        Money Saved
      </i>
      <p
        class="text-lg p-1 pb-0"
      >
        $10
      </p>
    </div>
    <div
      class="m-1 flex flex-col"
    >
      <h1>
        Leaderboard
      </h1>
      <hr />
      <i
        class="text-sm text-left p-1 pl-4 text-gray-500"
      >
        Position (Week)
      </i>
      <p
        class="text-lg p-1 pb-0"
      >
        2nd
      </p>
      <i
        class="text-sm text-left p-1 pl-4 text-gray-500"
      >
        Position (Month)
      </i>
      <p
        class="text-lg p-1 pb-0"
      >
        3rd
      </p>
    </div>
    <div
      class="m-1 flex flex-col"
    >
      <h1
        class="text-center"
      >
        Rewards
      </h1>
      <hr />
      <i
        class="text-sm text-left p-1 pl-4 text-gray-500"
      >
        Points
      </i>
      <p
        class="text-lg p-1 pb-0"
      >
        100
      </p>
      <i
        class="text-sm text-left p-1 pl-4 text-gray-500"
      >
        Active Rewards
      </i>
      <p
        class="text-lg p-1 pb-0"
      >
        Reward 1
      </p>
      <p
        class="text-lg p-1 pb-0"
      >
        Reward 2
      </p>
      <p
        class="text-lg p-1 pb-0"
      >
        Reward 3
      </p>
    </div>
  </div>
</DocumentFragment>
`;
