// Vitest Snapshot v1, https://vitest.dev/guide/snapshot.html

exports[`NavigationSidebar > snapshot renders 1`] = `
<DocumentFragment>
  <div
    class="w-20 md:w-52 sticky left-0 border-r-4 border-solid"
    style="border-image: var(--sky-gradient-shape) 1;"
  >
    <ul
      class="p-5"
    >
      <li
        class="md:p-5 pt-5 pb-5"
      >
        <a
          href="/"
        >
          <div
            class="flex h-12 items-center"
          >
            <img
              alt="Home"
              class="w-8"
              src="/src/assets/icons/Home.svg"
            />
            <p
              class="pl-4 hidden md:block"
            >
              Home
            </p>
          </div>
        </a>
      </li>
      <li
        class="md:p-5 pt-5 pb-5"
      >
        <a
          href="/"
        >
          <div
            class="flex h-12 items-center"
          >
            <img
              alt="Record"
              class="w-8"
              src="/src/assets/icons/Add.svg"
            />
            <p
              class="pl-4 hidden md:block"
            >
               Record 
            </p>
          </div>
        </a>
      </li>
      <li
        class="md:p-5 pt-5 pb-5"
      >
        <a
          href="/"
        >
          <div
            class="flex h-12 items-center"
          >
            <img
              alt="Compete"
              class="w-8"
              src="/src/assets/icons/Trophy.svg"
            />
            <p
              class="pl-4 hidden md:block"
            >
               Compete 
            </p>
          </div>
        </a>
      </li>
      <li
        class="md:p-5 pt-5 pb-5"
      >
        <a
          href="/"
        >
          <div
            class="flex h-12 items-center"
          >
            <img
              alt="Rewards"
              class="w-8"
              src="/src/assets/icons/Rewards.svg"
            />
            <p
              class="pl-4 hidden md:block"
            >
               Rewards 
            </p>
          </div>
        </a>
      </li>
      <li
        class="md:p-5 pt-5 pb-5 absolute bottom-0"
      >
        <a
          href="/"
        >
          <div
            class="flex h-12 items-center"
          >
            <img
              alt="SignIn"
              class="w-8"
              src="/src/assets/icons/SignIn.svg"
            />
            <p
              class="pl-4 hidden md:block"
            >
               Sign In
            </p>
          </div>
        </a>
      </li>
    </ul>
  </div>
</DocumentFragment>
`;
