// Vitest Snapshot v1, https://vitest.dev/guide/snapshot.html

exports[`RecordActivity > snapshot renders 1`] = `
<DocumentFragment>
  <div
    class="relative mx-auto h-full max-w-xl p-4"
  >
    <h1
      class="pt-5 text-left text-3xl"
    >
      Record Activity
    </h1>
    <form>
      <div
        class="flex flex-col pt-12"
      >
        <label
          class="text-left text-lg"
          for="activityName"
        >
          Title
        </label>
        <input
          class="rounded-lg border-2 border-solid border-gray-300 p-2"
          id="activityName"
          name="activityName"
          type="text"
          value="Commute to Work"
        />
        <div
          class="flex flex-row justify-between"
        >
          <div
            class="flex flex-col"
          >
            <label
              class="pt-5 text-left text-lg"
              for="activityDate"
            >
              Date
            </label>
            <input
              class="w-52 rounded-lg border-2 border-solid border-gray-300 p-2"
              id="activityDate"
              name="activityDate"
              type="date"
              value="2024-07-31"
            />
          </div>
          <div
            class="flex flex-col"
          >
            <label
              class="pt-5 text-left text-lg"
              for="activityTime"
            >
              Time
            </label>
            <input
              class="w-52 rounded-lg border-2 border-solid border-gray-300 p-2"
              id="activityTime"
              name="activityTime"
              type="time"
              value="08:00"
            />
          </div>
        </div>
        <div
          class="mt-12"
        >
          <div
            class="flex flex-row justify-between"
          >
            <div
              class="flex flex-col"
            >
              <label
                class="pt-5 text-left text-lg"
                for="activityStart"
              >
                Start Location
              </label>
              <input
                class="w-52 rounded-lg border-2 border-solid border-gray-300 p-2"
                disabled=""
                id="activityStart"
                name="activityStart"
                type="text"
                value=""
              />
            </div>
            <div
              class="flex flex-col"
            >
              <label
                class="pt-5 text-left text-lg"
                for="activityEnd"
              >
                End Location
              </label>
              <input
                class="w-52 rounded-lg border-2 border-solid border-gray-300 p-2"
                disabled=""
                id="activityEnd"
                name="activityEnd"
                type="text"
                value=""
              />
            </div>
          </div>
        </div>
        <p
          class="mb-2 mt-8 w-full border-b-2 text-center"
          style="line-height: 0.1em;"
        >
          <span
            class="bg-white pl-2 pr-2"
          >
            OR
          </span>
        </p>
        <div
          class="flex flex-row justify-between"
        >
          <div
            class="flex flex-col"
          >
            <label
              class="pt-5 text-left text-lg"
              for="activityDistance"
            >
              Distance (miles)
            </label>
            <input
              class="w-52 rounded-lg border-2 border-solid border-gray-300 p-2"
              id="activityDistance"
              min="1"
              name="activityDistance"
              required=""
              type="number"
              value="0"
            />
          </div>
          <div
            class="flex flex-col"
          >
            <label
              class="pt-5 text-left text-lg"
              for="activityDuration"
            >
              Duration (minutes)
            </label>
            <input
              class="w-52 rounded-lg border-2 border-solid border-gray-300 p-2"
              id="activityDuration"
              min="1"
              name="activityDuration"
              required=""
              type="number"
              value="0"
            />
          </div>
        </div>
      </div>
      <div
        class="absolute bottom-12 right-4 flex w-full flex-row justify-end"
      >
        <button
          class="mx-8 mt-5 max-h-10 w-24 rounded bg-red-500 px-4 py-2 font-bold text-white hover:bg-red-700"
          type="button"
        >
          Cancel
        </button>
        <button
          class="mt-5 max-h-10 w-24 rounded bg-blue-500 px-4 py-2 font-bold text-white hover:bg-blue-700"
          type="submit"
        >
          Add
        </button>
      </div>
    </form>
  </div>
</DocumentFragment>
`;
